// Jest Snapshot v1, https://goo.gl/fbAQLP

exports[`ForecastSummaries renders correctly 1`] = `
<DocumentFragment>
  <div
    class="forecast-summaries"
  >
    <div
      class="forecast-summary"
      data-testid="forecast-summary"
    >
      <div
        class="forecast-summary__date"
      >
        Thu, 1 Jan
      </div>
      <div
        class="forecast-summary__description"
      >
        Stub description 1
      </div>
      <div
        class="forecast-summary__icon"
        data-testid="forecast-icon"
      >
        <i
          class="wi wi-day-sunny"
          name="owm"
        />
      </div>
      <div
        class="forecast-summary__temperature"
      >
        <img
          alt="thermometer logo"
          height="25px"
          src="thermometer.png"
          width="25px"
        />
        22°C
      </div>
      <button
        class="button"
        type="button"
      >
        MORE
      </button>
    </div>
    <div
      class="forecast-summary"
      data-testid="forecast-summary"
    >
      <div
        class="forecast-summary__date"
      >
        Thu, 1 Jan
      </div>
      <div
        class="forecast-summary__description"
      >
        Stub description 2
      </div>
      <div
        class="forecast-summary__icon"
        data-testid="forecast-icon"
      >
        <i
          class="wi wi-day-snow"
          name="owm"
        />
      </div>
      <div
        class="forecast-summary__temperature"
      >
        <img
          alt="thermometer logo"
          height="25px"
          src="thermometer.png"
          width="25px"
        />
        24°C
      </div>
      <button
        class="button"
        type="button"
      >
        MORE
      </button>
    </div>
  </div>
</DocumentFragment>
`;
